Archive member included because of file (symbol)

../usbstack.a(usbhw_lpc.o)    main_custom.o (USBHwRegisterEPIntHandler)
../usbstack.a(usbcontrol.o)   main_custom.o (USBRegisterRequestHandler)
../usbstack.a(usbstdreq.o)    main_custom.o (USBRegisterDescriptors)
../usbstack.a(usbinit.o)      main_custom.o (USBInit)
/home/stc2hi/opt/arm/bin/../lib/gcc/arm-elf/4.1.0/libgcc.a(_udivsi3.o)
                              printf.o (__udivsi3)
/home/stc2hi/opt/arm/bin/../lib/gcc/arm-elf/4.1.0/libgcc.a(_umodsi3.o)
                              printf.o (__umodsi3)
/home/stc2hi/opt/arm/bin/../lib/gcc/arm-elf/4.1.0/libgcc.a(_dvmd_tls.o)
                              /home/stc2hi/opt/arm/bin/../lib/gcc/arm-elf/4.1.0/libgcc.a(_udivsi3.o) (__div0)

Memory Configuration

Name             Origin             Length             Attributes
flash            0x00000000         0x00080000
ram_isp_low      0x40000120         0x000000df         a
ram              0x40000200         0x00007f01
ram_isp_high     0x40007fe0         0x00000020         a
ram_usb_dma      0x7fd00000         0x00002000
*default*        0x00000000         0xffffffff

Linker script and memory map

LOAD crt.o
LOAD startup.o
LOAD printf.o
LOAD console.o
LOAD main_custom.o
LOAD ../usbstack.a
START GROUP
LOAD /home/stc2hi/opt/arm/bin/../lib/gcc/arm-elf/4.1.0/libgcc.a
LOAD /home/stc2hi/opt/arm/bin/../lib/gcc/arm-elf/4.1.0/../../../../arm-elf/lib/libc.a
END GROUP
                0x40007edc                _stack_end = 0x40007edc
                0x00000000                . = 0x0

startup
 *(.startup)

.text           0x00000000     0x1c14
 *(.text)
 .text          0x00000000       0xd8 crt.o
                0x00000000                _startup
                0x00000040                Reset_Handler
 .text          0x000000d8       0x80 startup.o
                0x000000e4                UNDEF_Routine
                0x000000e0                SWI_Routine
                0x000000dc                FIQ_Routine
                0x000000d8                IRQ_Routine
                0x000000e8                Initialize
 .text          0x00000158      0x45c printf.o
                0x00000580                printf
                0x00000548                sprintf
 .text          0x000005b4       0xd8 console.o
                0x00000600                putchar
                0x000005b4                ConsoleInit
                0x00000658                puts
                0x0000063c                getchar
 .text          0x0000068c      0x1e4 main_custom.o
                0x0000068c                main
 .text          0x00000870      0x64c ../usbstack.a(usbhw_lpc.o)
                0x000009a4                USBHwEPRead
                0x00000d38                USBHwISR
                0x00000a44                USBHwEPWrite
                0x00000c94                USBHwEPConfig
                0x00000c84                USBHwSetAddress
                0x00000c74                USBHwConnect
                0x00000b1c                USBHwEPStall
                0x0000089c                USBHwRegisterDevIntHandler
                0x000008c8                USBHwRegisterEPIntHandler
                0x00000b0c                USBHwConfigDevice
                0x00000b3c                USBHwNakIntEnable
                0x00000b48                USBHwInit
                0x00000870                USBHwRegisterFrameHandler
                0x00000e9c                USBHwEPGetStatus
 .text          0x00000ebc      0x350 ../usbstack.a(usbcontrol.o)
                0x0000103c                USBHandleControlTransfer
                0x00000ebc                USBRegisterRequestHandler
 .text          0x0000120c      0x428 ../usbstack.a(usbstdreq.o)
                0x0000122c                USBGetDescriptor
                0x0000121c                USBRegisterCustomReqHandler
                0x0000120c                USBRegisterDescriptors
                0x000012fc                USBHandleStandardRequest
 .text          0x00001634       0x80 ../usbstack.a(usbinit.o)
                0x00001634                USBInit
 .text          0x000016b4      0x110 /home/stc2hi/opt/arm/bin/../lib/gcc/arm-elf/4.1.0/libgcc.a(_udivsi3.o)
                0x000016b4                __udivsi3
                0x000016b4                __aeabi_uidiv
                0x000017ac                __aeabi_uidivmod
 .text          0x000017c4       0xcc /home/stc2hi/opt/arm/bin/../lib/gcc/arm-elf/4.1.0/libgcc.a(_umodsi3.o)
                0x000017c4                __umodsi3
 .text          0x00001890        0x4 /home/stc2hi/opt/arm/bin/../lib/gcc/arm-elf/4.1.0/libgcc.a(_dvmd_tls.o)
                0x00001890                __aeabi_ldiv0
                0x00001890                __div0
                0x00001890                __aeabi_idiv0
 *(.rodata)
 .rodata        0x00001894       0x71 main_custom.o
 *fill*         0x00001905        0x3 00
 .rodata        0x00001908       0x1c ../usbstack.a(usbhw_lpc.o)
 .rodata        0x00001924       0x38 ../usbstack.a(usbcontrol.o)
 .rodata        0x0000195c       0x28 ../usbstack.a(usbstdreq.o)
 *(.rodata*)
 .rodata.str1.4
                0x00001984        0x7 printf.o
                                  0x8 (size before relaxing)
 *fill*         0x0000198b        0x1 00
 .rodata.str1.4
                0x0000198c       0x80 main_custom.o
 .rodata.str1.4
                0x00001a0c       0xa4 ../usbstack.a(usbhw_lpc.o)
 .rodata.str1.4
                0x00001ab0       0xa2 ../usbstack.a(usbcontrol.o)
                                 0xd0 (size before relaxing)
 *fill*         0x00001b52        0x2 00
 .rodata.str1.4
                0x00001b54       0xbb ../usbstack.a(usbstdreq.o)
                                 0xe4 (size before relaxing)
 *fill*         0x00001c0f        0x1 00
 .rodata.str1.4
                0x00001c10        0x3 ../usbstack.a(usbinit.o)
                                  0x4 (size before relaxing)
 *(.glue_7)
 *fill*         0x00001c13        0x1 00
 *(.glue_7t)
                0x00001c14                _etext = .

.data           0x40000200        0x0 load address 0x00001c14
                0x40000200                _data = .
 *(.data)
                0x40000200                _edata = .

.bss            0x40000200       0xa0
                0x40000200                _bss_start = .
 *(.bss)
 .bss           0x40000200       0x10 main_custom.o
 .bss           0x40000210       0x48 ../usbstack.a(usbhw_lpc.o)
 .bss           0x40000258       0x34 ../usbstack.a(usbcontrol.o)
 .bss           0x4000028c        0xc ../usbstack.a(usbstdreq.o)
 .bss           0x40000298        0x8 ../usbstack.a(usbinit.o)
                0x400002a0                . = ALIGN (0x4)
                0x400002a0                _bss_end = .
                0x400002a0                _end = .
OUTPUT(custom.elf elf32-littlearm)

.debug_abbrev   0x00000000      0xa1f
 .debug_abbrev  0x00000000       0x69 startup.o
 .debug_abbrev  0x00000069      0x14d printf.o
 .debug_abbrev  0x000001b6       0xb8 console.o
 .debug_abbrev  0x0000026e      0x101 main_custom.o
 .debug_abbrev  0x0000036f      0x24c ../usbstack.a(usbhw_lpc.o)
 .debug_abbrev  0x000005bb      0x149 ../usbstack.a(usbcontrol.o)
 .debug_abbrev  0x00000704      0x23f ../usbstack.a(usbstdreq.o)
 .debug_abbrev  0x00000943       0xa0 ../usbstack.a(usbinit.o)
 .debug_abbrev  0x000009e3       0x14 /home/stc2hi/opt/arm/bin/../lib/gcc/arm-elf/4.1.0/libgcc.a(_udivsi3.o)
 .debug_abbrev  0x000009f7       0x14 /home/stc2hi/opt/arm/bin/../lib/gcc/arm-elf/4.1.0/libgcc.a(_umodsi3.o)
 .debug_abbrev  0x00000a0b       0x14 /home/stc2hi/opt/arm/bin/../lib/gcc/arm-elf/4.1.0/libgcc.a(_dvmd_tls.o)

.debug_info     0x00000000     0x17d8
 .debug_info    0x00000000       0xb4 startup.o
 .debug_info    0x000000b4      0x350 printf.o
 .debug_info    0x00000404       0xd2 console.o
 .debug_info    0x000004d6      0x272 main_custom.o
 .debug_info    0x00000748      0x634 ../usbstack.a(usbhw_lpc.o)
 .debug_info    0x00000d7c      0x33f ../usbstack.a(usbcontrol.o)
 .debug_info    0x000010bb      0x4c7 ../usbstack.a(usbstdreq.o)
 .debug_info    0x00001582       0xbe ../usbstack.a(usbinit.o)
 .debug_info    0x00001640       0x88 /home/stc2hi/opt/arm/bin/../lib/gcc/arm-elf/4.1.0/libgcc.a(_udivsi3.o)
 .debug_info    0x000016c8       0x88 /home/stc2hi/opt/arm/bin/../lib/gcc/arm-elf/4.1.0/libgcc.a(_umodsi3.o)
 .debug_info    0x00001750       0x88 /home/stc2hi/opt/arm/bin/../lib/gcc/arm-elf/4.1.0/libgcc.a(_dvmd_tls.o)

.debug_line     0x00000000      0x775
 .debug_line    0x00000000       0x63 startup.o
 .debug_line    0x00000063      0x101 printf.o
 .debug_line    0x00000164       0x53 console.o
 .debug_line    0x000001b7       0xb0 main_custom.o
 .debug_line    0x00000267      0x186 ../usbstack.a(usbhw_lpc.o)
 .debug_line    0x000003ed       0xcc ../usbstack.a(usbcontrol.o)
 .debug_line    0x000004b9      0x107 ../usbstack.a(usbstdreq.o)
 .debug_line    0x000005c0       0x51 ../usbstack.a(usbinit.o)
 .debug_line    0x00000611       0x8d /home/stc2hi/opt/arm/bin/../lib/gcc/arm-elf/4.1.0/libgcc.a(_udivsi3.o)
 .debug_line    0x0000069e       0x76 /home/stc2hi/opt/arm/bin/../lib/gcc/arm-elf/4.1.0/libgcc.a(_umodsi3.o)
 .debug_line    0x00000714       0x61 /home/stc2hi/opt/arm/bin/../lib/gcc/arm-elf/4.1.0/libgcc.a(_dvmd_tls.o)

.debug_frame    0x00000000      0x500
 .debug_frame   0x00000000       0x60 startup.o
 .debug_frame   0x00000060       0xd0 printf.o
 .debug_frame   0x00000130       0x58 console.o
 .debug_frame   0x00000188       0x78 main_custom.o
 .debug_frame   0x00000200      0x16c ../usbstack.a(usbhw_lpc.o)
 .debug_frame   0x0000036c       0x98 ../usbstack.a(usbcontrol.o)
 .debug_frame   0x00000404       0x74 ../usbstack.a(usbstdreq.o)
 .debug_frame   0x00000478       0x38 ../usbstack.a(usbinit.o)
 .debug_frame   0x000004b0       0x28 /home/stc2hi/opt/arm/bin/../lib/gcc/arm-elf/4.1.0/libgcc.a(_udivsi3.o)
 .debug_frame   0x000004d8       0x28 /home/stc2hi/opt/arm/bin/../lib/gcc/arm-elf/4.1.0/libgcc.a(_umodsi3.o)

.debug_pubnames
                0x00000000      0x306
 .debug_pubnames
                0x00000000       0x63 startup.o
 .debug_pubnames
                0x00000063       0x29 printf.o
 .debug_pubnames
                0x0000008c       0x43 console.o
 .debug_pubnames
                0x000000cf       0x1b main_custom.o
 .debug_pubnames
                0x000000ea      0x132 ../usbstack.a(usbhw_lpc.o)
 .debug_pubnames
                0x0000021c       0x4d ../usbstack.a(usbcontrol.o)
 .debug_pubnames
                0x00000269       0x7f ../usbstack.a(usbstdreq.o)
 .debug_pubnames
                0x000002e8       0x1e ../usbstack.a(usbinit.o)

.debug_aranges  0x00000000      0x160
 .debug_aranges
                0x00000000       0x20 startup.o
 .debug_aranges
                0x00000020       0x20 printf.o
 .debug_aranges
                0x00000040       0x20 console.o
 .debug_aranges
                0x00000060       0x20 main_custom.o
 .debug_aranges
                0x00000080       0x20 ../usbstack.a(usbhw_lpc.o)
 .debug_aranges
                0x000000a0       0x20 ../usbstack.a(usbcontrol.o)
 .debug_aranges
                0x000000c0       0x20 ../usbstack.a(usbstdreq.o)
 .debug_aranges
                0x000000e0       0x20 ../usbstack.a(usbinit.o)
 .debug_aranges
                0x00000100       0x20 /home/stc2hi/opt/arm/bin/../lib/gcc/arm-elf/4.1.0/libgcc.a(_udivsi3.o)
 .debug_aranges
                0x00000120       0x20 /home/stc2hi/opt/arm/bin/../lib/gcc/arm-elf/4.1.0/libgcc.a(_umodsi3.o)
 .debug_aranges
                0x00000140       0x20 /home/stc2hi/opt/arm/bin/../lib/gcc/arm-elf/4.1.0/libgcc.a(_dvmd_tls.o)

.debug_ranges   0x00000000      0x128
 .debug_ranges  0x00000000       0x30 startup.o
 .debug_ranges  0x00000030       0x78 ../usbstack.a(usbhw_lpc.o)
 .debug_ranges  0x000000a8       0x80 ../usbstack.a(usbstdreq.o)

.debug_str      0x00000000      0x6f8
 .debug_str     0x00000000       0x86 startup.o
 .debug_str     0x00000086       0x83 printf.o
                                 0xde (size before relaxing)
 .debug_str     0x00000109       0x34 console.o
                                 0x73 (size before relaxing)
 .debug_str     0x0000013d       0xf5 main_custom.o
                                0x16e (size before relaxing)
 .debug_str     0x00000232      0x289 ../usbstack.a(usbhw_lpc.o)
                                0x2ea (size before relaxing)
 .debug_str     0x000004bb       0xa4 ../usbstack.a(usbcontrol.o)
                                0x1b4 (size before relaxing)
 .debug_str     0x0000055f      0x160 ../usbstack.a(usbstdreq.o)
                                0x25b (size before relaxing)
 .debug_str     0x000006bf       0x39 ../usbstack.a(usbinit.o)
                                 0xb0 (size before relaxing)

.comment        0x00000000       0x90
 .comment       0x00000000       0x12 startup.o
 .comment       0x00000012       0x12 printf.o
 .comment       0x00000024       0x12 console.o
 .comment       0x00000036       0x12 main_custom.o
 .comment       0x00000048       0x12 ../usbstack.a(usbhw_lpc.o)
 .comment       0x0000005a       0x12 ../usbstack.a(usbcontrol.o)
 .comment       0x0000006c       0x12 ../usbstack.a(usbstdreq.o)
 .comment       0x0000007e       0x12 ../usbstack.a(usbinit.o)

.debug_loc      0x00000000     0x11e2
 .debug_loc     0x00000000      0x5ae printf.o
 .debug_loc     0x000005ae       0x63 console.o
 .debug_loc     0x00000611      0x187 main_custom.o
 .debug_loc     0x00000798      0x3f1 ../usbstack.a(usbhw_lpc.o)
 .debug_loc     0x00000b89      0x297 ../usbstack.a(usbcontrol.o)
 .debug_loc     0x00000e20      0x390 ../usbstack.a(usbstdreq.o)
 .debug_loc     0x000011b0       0x32 ../usbstack.a(usbinit.o)
