Archive member included because of file (symbol)

../usbstack.a(usbhw_lpc.o)    main_serial.o (USBHwNakIntEnable)
../usbstack.a(usbstdreq.o)    main_serial.o (USBRegisterDescriptors)
../usbstack.a(usbinit.o)      main_serial.o (USBInit)
../usbstack.a(usbcontrol.o)   ../usbstack.a(usbinit.o) (USBRegisterRequestHandler)
/home/stc2hi/opt/arm/bin/../lib/gcc/arm-elf/4.1.0/libgcc.a(_udivsi3.o)
                              printf.o (__udivsi3)
/home/stc2hi/opt/arm/bin/../lib/gcc/arm-elf/4.1.0/libgcc.a(_umodsi3.o)
                              printf.o (__umodsi3)
/home/stc2hi/opt/arm/bin/../lib/gcc/arm-elf/4.1.0/libgcc.a(_dvmd_tls.o)
                              /home/stc2hi/opt/arm/bin/../lib/gcc/arm-elf/4.1.0/libgcc.a(_udivsi3.o) (__div0)

Memory Configuration

Name             Origin             Length             Attributes
flash            0x00000000         0x00080000
ram_isp_low      0x40000120         0x000000df         a
ram              0x40000200         0x00007f01
ram_isp_high     0x40007fe0         0x00000020         a
ram_usb_dma      0x7fd00000         0x00002000
*default*        0x00000000         0xffffffff

Linker script and memory map

LOAD crt.o
LOAD startup.o
LOAD printf.o
LOAD console.o
LOAD main_serial.o
LOAD serial_fifo.o
LOAD armVIC.o
LOAD ../usbstack.a
START GROUP
LOAD /home/stc2hi/opt/arm/bin/../lib/gcc/arm-elf/4.1.0/libgcc.a
LOAD /home/stc2hi/opt/arm/bin/../lib/gcc/arm-elf/4.1.0/../../../../arm-elf/lib/libc.a
END GROUP
                0x40007edc                _stack_end = 0x40007edc
                0x00000000                . = 0x0

startup
 *(.startup)

.text           0x00000000     0x1cd0
 *(.text)
 .text          0x00000000       0xd8 crt.o
                0x00000000                _startup
                0x00000040                Reset_Handler
 .text          0x000000d8       0x80 startup.o
                0x000000e4                UNDEF_Routine
                0x000000e0                SWI_Routine
                0x000000dc                FIQ_Routine
                0x000000d8                IRQ_Routine
                0x000000e8                Initialize
 .text          0x00000158      0x45c printf.o
                0x00000580                printf
                0x00000548                sprintf
 .text          0x000005b4       0xd8 console.o
                0x00000600                putchar
                0x000005b4                ConsoleInit
                0x00000658                puts
                0x0000063c                getchar
 .text          0x0000068c      0x15c main_serial.o
                0x000006d4                VCOM_putchar
                0x0000072c                main
                0x000006a8                VCOM_getchar
                0x000006fc                VCOM_init
 .text          0x000007e8       0xfc serial_fifo.o
                0x000008a4                fifo_avail
                0x000007fc                fifo_put
                0x000007e8                fifo_init
                0x00000850                fifo_get
                0x000008d4                fifo_free
 .text          0x000008e4       0x78 armVIC.o
                0x000008e4                restoreIRQ
                0x0000092c                enableFIQ
                0x0000091c                disableFIQ
                0x0000094c                enableIRQ
                0x00000900                restoreFIQ
                0x0000093c                disableIRQ
 .text          0x0000095c      0x64c ../usbstack.a(usbhw_lpc.o)
                0x00000a90                USBHwEPRead
                0x00000e24                USBHwISR
                0x00000b30                USBHwEPWrite
                0x00000d80                USBHwEPConfig
                0x00000d70                USBHwSetAddress
                0x00000d60                USBHwConnect
                0x00000c08                USBHwEPStall
                0x00000988                USBHwRegisterDevIntHandler
                0x000009b4                USBHwRegisterEPIntHandler
                0x00000bf8                USBHwConfigDevice
                0x00000c28                USBHwNakIntEnable
                0x00000c34                USBHwInit
                0x0000095c                USBHwRegisterFrameHandler
                0x00000f88                USBHwEPGetStatus
 .text          0x00000fa8      0x428 ../usbstack.a(usbstdreq.o)
                0x00000fc8                USBGetDescriptor
                0x00000fb8                USBRegisterCustomReqHandler
                0x00000fa8                USBRegisterDescriptors
                0x00001098                USBHandleStandardRequest
 .text          0x000013d0       0x80 ../usbstack.a(usbinit.o)
                0x000013d0                USBInit
 .text          0x00001450      0x350 ../usbstack.a(usbcontrol.o)
                0x000015d0                USBHandleControlTransfer
                0x00001450                USBRegisterRequestHandler
 .text          0x000017a0      0x110 /home/stc2hi/opt/arm/bin/../lib/gcc/arm-elf/4.1.0/libgcc.a(_udivsi3.o)
                0x000017a0                __udivsi3
                0x000017a0                __aeabi_uidiv
                0x00001898                __aeabi_uidivmod
 .text          0x000018b0       0xcc /home/stc2hi/opt/arm/bin/../lib/gcc/arm-elf/4.1.0/libgcc.a(_umodsi3.o)
                0x000018b0                __umodsi3
 .text          0x0000197c        0x4 /home/stc2hi/opt/arm/bin/../lib/gcc/arm-elf/4.1.0/libgcc.a(_dvmd_tls.o)
                0x0000197c                __aeabi_ldiv0
                0x0000197c                __div0
                0x0000197c                __aeabi_idiv0
 *(.rodata)
 .rodata        0x00001980       0x8e main_serial.o
 *fill*         0x00001a0e        0x2 00
 .rodata        0x00001a10       0x1c ../usbstack.a(usbhw_lpc.o)
 .rodata        0x00001a2c       0x28 ../usbstack.a(usbstdreq.o)
 .rodata        0x00001a54       0x38 ../usbstack.a(usbcontrol.o)
 *(.rodata*)
 .rodata.str1.4
                0x00001a8c        0x7 printf.o
                                  0x8 (size before relaxing)
 *fill*         0x00001a93        0x1 00
 .rodata.str1.4
                0x00001a94       0x33 main_serial.o
                                 0x34 (size before relaxing)
 *fill*         0x00001ac7        0x1 00
 .rodata.str1.4
                0x00001ac8       0xa4 ../usbstack.a(usbhw_lpc.o)
 .rodata.str1.4
                0x00001b6c       0xbb ../usbstack.a(usbstdreq.o)
                                 0xe4 (size before relaxing)
 *fill*         0x00001c27        0x1 00
 .rodata.str1.4
                0x00001c28        0x3 ../usbstack.a(usbinit.o)
                                  0x4 (size before relaxing)
 *fill*         0x00001c2b        0x1 00
 .rodata.str1.4
                0x00001c2c       0xa2 ../usbstack.a(usbcontrol.o)
                                 0xd0 (size before relaxing)
 *(.glue_7)
 *fill*         0x00001cce        0x2 00
 *(.glue_7t)
                0x00001cd0                _etext = .

.data           0x40000200        0x0 load address 0x00001cd0
                0x40000200                _data = .
 *(.data)
                0x40000200                _edata = .

.bss            0x40000200      0x1a8
                0x40000200                _bss_start = .
 *(.bss)
 .bss           0x40000200      0x118 main_serial.o
 .bss           0x40000318       0x48 ../usbstack.a(usbhw_lpc.o)
 .bss           0x40000360        0xc ../usbstack.a(usbstdreq.o)
 .bss           0x4000036c        0x8 ../usbstack.a(usbinit.o)
 .bss           0x40000374       0x34 ../usbstack.a(usbcontrol.o)
                0x400003a8                . = ALIGN (0x4)
                0x400003a8                _bss_end = .
                0x400003a8                _end = .
OUTPUT(serial.elf elf32-littlearm)

.debug_abbrev   0x00000000      0xc34
 .debug_abbrev  0x00000000       0x69 startup.o
 .debug_abbrev  0x00000069      0x14d printf.o
 .debug_abbrev  0x000001b6       0xb8 console.o
 .debug_abbrev  0x0000026e      0x11b main_serial.o
 .debug_abbrev  0x00000389      0x112 serial_fifo.o
 .debug_abbrev  0x0000049b       0xe9 armVIC.o
 .debug_abbrev  0x00000584      0x24c ../usbstack.a(usbhw_lpc.o)
 .debug_abbrev  0x000007d0      0x23f ../usbstack.a(usbstdreq.o)
 .debug_abbrev  0x00000a0f       0xa0 ../usbstack.a(usbinit.o)
 .debug_abbrev  0x00000aaf      0x149 ../usbstack.a(usbcontrol.o)
 .debug_abbrev  0x00000bf8       0x14 /home/stc2hi/opt/arm/bin/../lib/gcc/arm-elf/4.1.0/libgcc.a(_udivsi3.o)
 .debug_abbrev  0x00000c0c       0x14 /home/stc2hi/opt/arm/bin/../lib/gcc/arm-elf/4.1.0/libgcc.a(_umodsi3.o)
 .debug_abbrev  0x00000c20       0x14 /home/stc2hi/opt/arm/bin/../lib/gcc/arm-elf/4.1.0/libgcc.a(_dvmd_tls.o)

.debug_info     0x00000000     0x1c7f
 .debug_info    0x00000000       0xb4 startup.o
 .debug_info    0x000000b4      0x350 printf.o
 .debug_info    0x00000404       0xd2 console.o
 .debug_info    0x000004d6      0x284 main_serial.o
 .debug_info    0x0000075a      0x1ae serial_fifo.o
 .debug_info    0x00000908      0x2e7 armVIC.o
 .debug_info    0x00000bef      0x634 ../usbstack.a(usbhw_lpc.o)
 .debug_info    0x00001223      0x4c7 ../usbstack.a(usbstdreq.o)
 .debug_info    0x000016ea       0xbe ../usbstack.a(usbinit.o)
 .debug_info    0x000017a8      0x33f ../usbstack.a(usbcontrol.o)
 .debug_info    0x00001ae7       0x88 /home/stc2hi/opt/arm/bin/../lib/gcc/arm-elf/4.1.0/libgcc.a(_udivsi3.o)
 .debug_info    0x00001b6f       0x88 /home/stc2hi/opt/arm/bin/../lib/gcc/arm-elf/4.1.0/libgcc.a(_umodsi3.o)
 .debug_info    0x00001bf7       0x88 /home/stc2hi/opt/arm/bin/../lib/gcc/arm-elf/4.1.0/libgcc.a(_dvmd_tls.o)

.debug_line     0x00000000      0x82e
 .debug_line    0x00000000       0x63 startup.o
 .debug_line    0x00000063      0x101 printf.o
 .debug_line    0x00000164       0x53 console.o
 .debug_line    0x000001b7       0x8a main_serial.o
 .debug_line    0x00000241       0x83 serial_fifo.o
 .debug_line    0x000002c4       0x5c armVIC.o
 .debug_line    0x00000320      0x186 ../usbstack.a(usbhw_lpc.o)
 .debug_line    0x000004a6      0x107 ../usbstack.a(usbstdreq.o)
 .debug_line    0x000005ad       0x51 ../usbstack.a(usbinit.o)
 .debug_line    0x000005fe       0xcc ../usbstack.a(usbcontrol.o)
 .debug_line    0x000006ca       0x8d /home/stc2hi/opt/arm/bin/../lib/gcc/arm-elf/4.1.0/libgcc.a(_udivsi3.o)
 .debug_line    0x00000757       0x76 /home/stc2hi/opt/arm/bin/../lib/gcc/arm-elf/4.1.0/libgcc.a(_umodsi3.o)
 .debug_line    0x000007cd       0x61 /home/stc2hi/opt/arm/bin/../lib/gcc/arm-elf/4.1.0/libgcc.a(_dvmd_tls.o)

.debug_frame    0x00000000      0x600
 .debug_frame   0x00000000       0x60 startup.o
 .debug_frame   0x00000060       0xd0 printf.o
 .debug_frame   0x00000130       0x58 console.o
 .debug_frame   0x00000188       0x90 main_serial.o
 .debug_frame   0x00000218       0x78 serial_fifo.o
 .debug_frame   0x00000290       0x70 armVIC.o
 .debug_frame   0x00000300      0x16c ../usbstack.a(usbhw_lpc.o)
 .debug_frame   0x0000046c       0x74 ../usbstack.a(usbstdreq.o)
 .debug_frame   0x000004e0       0x38 ../usbstack.a(usbinit.o)
 .debug_frame   0x00000518       0x98 ../usbstack.a(usbcontrol.o)
 .debug_frame   0x000005b0       0x28 /home/stc2hi/opt/arm/bin/../lib/gcc/arm-elf/4.1.0/libgcc.a(_udivsi3.o)
 .debug_frame   0x000005d8       0x28 /home/stc2hi/opt/arm/bin/../lib/gcc/arm-elf/4.1.0/libgcc.a(_umodsi3.o)

.debug_pubnames
                0x00000000      0x3f7
 .debug_pubnames
                0x00000000       0x63 startup.o
 .debug_pubnames
                0x00000063       0x29 printf.o
 .debug_pubnames
                0x0000008c       0x43 console.o
 .debug_pubnames
                0x000000cf       0x4b main_serial.o
 .debug_pubnames
                0x0000011a       0x57 serial_fifo.o
 .debug_pubnames
                0x00000171       0x6a armVIC.o
 .debug_pubnames
                0x000001db      0x132 ../usbstack.a(usbhw_lpc.o)
 .debug_pubnames
                0x0000030d       0x7f ../usbstack.a(usbstdreq.o)
 .debug_pubnames
                0x0000038c       0x1e ../usbstack.a(usbinit.o)
 .debug_pubnames
                0x000003aa       0x4d ../usbstack.a(usbcontrol.o)

.debug_aranges  0x00000000      0x1a0
 .debug_aranges
                0x00000000       0x20 startup.o
 .debug_aranges
                0x00000020       0x20 printf.o
 .debug_aranges
                0x00000040       0x20 console.o
 .debug_aranges
                0x00000060       0x20 main_serial.o
 .debug_aranges
                0x00000080       0x20 serial_fifo.o
 .debug_aranges
                0x000000a0       0x20 armVIC.o
 .debug_aranges
                0x000000c0       0x20 ../usbstack.a(usbhw_lpc.o)
 .debug_aranges
                0x000000e0       0x20 ../usbstack.a(usbstdreq.o)
 .debug_aranges
                0x00000100       0x20 ../usbstack.a(usbinit.o)
 .debug_aranges
                0x00000120       0x20 ../usbstack.a(usbcontrol.o)
 .debug_aranges
                0x00000140       0x20 /home/stc2hi/opt/arm/bin/../lib/gcc/arm-elf/4.1.0/libgcc.a(_udivsi3.o)
 .debug_aranges
                0x00000160       0x20 /home/stc2hi/opt/arm/bin/../lib/gcc/arm-elf/4.1.0/libgcc.a(_umodsi3.o)
 .debug_aranges
                0x00000180       0x20 /home/stc2hi/opt/arm/bin/../lib/gcc/arm-elf/4.1.0/libgcc.a(_dvmd_tls.o)

.debug_ranges   0x00000000      0x128
 .debug_ranges  0x00000000       0x30 startup.o
 .debug_ranges  0x00000030       0x78 ../usbstack.a(usbhw_lpc.o)
 .debug_ranges  0x000000a8       0x80 ../usbstack.a(usbstdreq.o)

.debug_str      0x00000000      0x801
 .debug_str     0x00000000       0x86 startup.o
 .debug_str     0x00000086       0x71 printf.o
                                 0xde (size before relaxing)
 .debug_str     0x000000f7       0x24 console.o
                                 0x73 (size before relaxing)
 .debug_str     0x0000011b      0x113 main_serial.o
                                0x193 (size before relaxing)
 .debug_str     0x0000022e       0x49 serial_fifo.o
                                 0xc7 (size before relaxing)
 .debug_str     0x00000277       0x6e armVIC.o
                                 0xee (size before relaxing)
 .debug_str     0x000002e5      0x289 ../usbstack.a(usbhw_lpc.o)
                                0x2ea (size before relaxing)
 .debug_str     0x0000056e      0x1c0 ../usbstack.a(usbstdreq.o)
                                0x25b (size before relaxing)
 .debug_str     0x0000072e       0x39 ../usbstack.a(usbinit.o)
                                 0xb0 (size before relaxing)
 .debug_str     0x00000767       0x9a ../usbstack.a(usbcontrol.o)
                                0x1b4 (size before relaxing)

.comment        0x00000000       0xb4
 .comment       0x00000000       0x12 startup.o
 .comment       0x00000012       0x12 printf.o
 .comment       0x00000024       0x12 console.o
 .comment       0x00000036       0x12 main_serial.o
 .comment       0x00000048       0x12 serial_fifo.o
 .comment       0x0000005a       0x12 armVIC.o
 .comment       0x0000006c       0x12 ../usbstack.a(usbhw_lpc.o)
 .comment       0x0000007e       0x12 ../usbstack.a(usbstdreq.o)
 .comment       0x00000090       0x12 ../usbstack.a(usbinit.o)
 .comment       0x000000a2       0x12 ../usbstack.a(usbcontrol.o)

.debug_loc      0x00000000     0x1264
 .debug_loc     0x00000000      0x5ae printf.o
 .debug_loc     0x000005ae       0x63 console.o
 .debug_loc     0x00000611       0xee main_serial.o
 .debug_loc     0x000006ff       0xa9 serial_fifo.o
 .debug_loc     0x000007a8       0x72 armVIC.o
 .debug_loc     0x0000081a      0x3f1 ../usbstack.a(usbhw_lpc.o)
 .debug_loc     0x00000c0b      0x390 ../usbstack.a(usbstdreq.o)
 .debug_loc     0x00000f9b       0x32 ../usbstack.a(usbinit.o)
 .debug_loc     0x00000fcd      0x297 ../usbstack.a(usbcontrol.o)
